2026-08-05 14:59:23.219 INFO  [main] o.a.j.u.JMeterUtils - Setting Locale to en_US
2026-08-05 14:59:23.275 INFO  [main] o.a.j.p.h.s.HTTPSamplerBase - Parser for text/html is org.apache.jmeter.protocol.http.parser.LagartoBasedHtmlParser
2026-08-05 14:59:23.275 INFO  [main] o.a.j.p.h.s.HTTPSamplerBase - Parser for application/xhtml+xml is org.apache.jmeter.protocol.http.parser.LagartoBasedHtmlParser
2026-08-05 14:59:23.275 INFO  [main] o.a.j.p.h.s.HTTPSamplerBase - Parser for application/xml is org.apache.jmeter.protocol.http.parser.LagartoBasedHtmlParser
2026-08-05 14:59:23.275 INFO  [main] o.a.j.p.h.s.HTTPSamplerBase - Parser for text/xml is org.apache.jmeter.protocol.http.parser.LagartoBasedHtmlParser
2026-08-05 14:59:23.275 INFO  [main] o.a.j.p.h.s.HTTPSamplerBase - Parser for text/vnd.wap.wml is org.apache.jmeter.protocol.http.parser.RegexpHTMLParser
2026-08-05 14:59:23.275 INFO  [main] o.a.j.p.h.s.HTTPSamplerBase - Parser for text/css is org.apache.jmeter.protocol.http.parser.CssParser
2026-08-05 14:59:23.283 INFO  [main] o.a.j.p.h.c.CookieManager - Settings: Delete null: true Check: true Allow variable: true Save: false Prefix: COOKIE_
2026-08-05 14:59:23.283 INFO  [main] o.a.j.p.h.c.CacheManager - Will only cache the following methods: [GET]
2026-08-05 14:59:23.366 INFO  [main] o.a.j.s.SaveService - Testplan (JMX) version: 2.2. Testlog (JTL) version: 2.2
2026-08-05 14:59:23.370 INFO  [main] o.a.j.s.SaveService - Using SaveService properties version 5.0
2026-08-05 14:59:23.371 INFO  [main] o.a.j.s.SaveService - Using SaveService properties file encoding UTF-8
2026-08-05 14:59:23.413 INFO  [main] o.a.j.u.JMeterUtils - Setting Locale to en_US
2026-08-05 14:59:23.449 INFO  [main] o.a.j.u.JMeterUtils - Setting Locale to en_US
2026-08-05 14:59:23.470 INFO  [main] o.a.j.u.JMeterUtils - Setting Locale to en_US
2026-08-05 14:59:23.492 INFO  [main] o.a.j.u.JMeterUtils - Setting Locale to en_US
2026-08-05 14:59:23.512 INFO  [main] o.a.j.u.JMeterUtils - Setting Locale to en_US
2026-08-05 14:59:23.531 INFO  [main] o.a.j.u.JMeterUtils - Setting Locale to en_US
2026-08-05 14:59:35.055 INFO  [main] o.a.j.u.JMeterUtils - Setting Locale to en_US
2026-08-05 14:59:35.103 INFO  [main] o.a.j.p.h.s.HTTPSamplerBase - Parser for text/html is org.apache.jmeter.protocol.http.parser.LagartoBasedHtmlParser
2026-08-05 14:59:35.103 INFO  [main] o.a.j.p.h.s.HTTPSamplerBase - Parser for application/xhtml+xml is org.apache.jmeter.protocol.http.parser.LagartoBasedHtmlParser
2026-08-05 14:59:35.103 INFO  [main] o.a.j.p.h.s.HTTPSamplerBase - Parser for application/xml is org.apache.jmeter.protocol.http.parser.LagartoBasedHtmlParser
2026-08-05 14:59:35.103 INFO  [main] o.a.j.p.h.s.HTTPSamplerBase - Parser for text/xml is org.apache.jmeter.protocol.http.parser.LagartoBasedHtmlParser
2026-08-05 14:59:35.103 INFO  [main] o.a.j.p.h.s.HTTPSamplerBase - Parser for text/vnd.wap.wml is org.apache.jmeter.protocol.http.parser.RegexpHTMLParser
2026-08-05 14:59:35.103 INFO  [main] o.a.j.p.h.s.HTTPSamplerBase - Parser for text/css is org.apache.jmeter.protocol.http.parser.CssParser
2026-08-05 14:59:35.111 INFO  [main] o.a.j.p.h.c.CookieManager - Settings: Delete null: true Check: true Allow variable: true Save: false Prefix: COOKIE_
2026-08-05 14:59:35.112 INFO  [main] o.a.j.p.h.c.CacheManager - Will only cache the following methods: [GET]
2026-08-05 14:59:35.186 INFO  [main] o.a.j.s.SaveService - Testplan (JMX) version: 2.2. Testlog (JTL) version: 2.2
2026-08-05 14:59:35.189 INFO  [main] o.a.j.s.SaveService - Using SaveService properties version 5.0
2026-08-05 14:59:35.190 INFO  [main] o.a.j.s.SaveService - Using SaveService properties file encoding UTF-8
2026-08-05 14:59:35.229 INFO  [main] o.a.j.u.JMeterUtils - Setting Locale to en_US
2026-08-05 14:59:35.256 INFO  [main] o.a.j.u.JMeterUtils - Setting Locale to en_US
2026-08-05 14:59:35.280 INFO  [main] o.a.j.u.JMeterUtils - Setting Locale to en_US
2026-08-05 14:59:35.300 INFO  [main] o.a.j.u.JMeterUtils - Setting Locale to en_US
2026-08-05 14:59:35.319 INFO  [main] o.a.j.u.JMeterUtils - Setting Locale to en_US
2026-08-05 14:59:35.337 INFO  [main] o.a.j.u.JMeterUtils - Setting Locale to en_US
2026-08-05 15:00:17.126 INFO  [main] o.a.j.u.JMeterUtils - Setting Locale to en_US
2026-08-05 15:00:17.177 INFO  [main] o.a.j.p.h.s.HTTPSamplerBase - Parser for text/html is org.apache.jmeter.protocol.http.parser.LagartoBasedHtmlParser
2026-08-05 15:00:17.177 INFO  [main] o.a.j.p.h.s.HTTPSamplerBase - Parser for application/xhtml+xml is org.apache.jmeter.protocol.http.parser.LagartoBasedHtmlParser
2026-08-05 15:00:17.177 INFO  [main] o.a.j.p.h.s.HTTPSamplerBase - Parser for application/xml is org.apache.jmeter.protocol.http.parser.LagartoBasedHtmlParser
2026-08-05 15:00:17.177 INFO  [main] o.a.j.p.h.s.HTTPSamplerBase - Parser for text/xml is org.apache.jmeter.protocol.http.parser.LagartoBasedHtmlParser
2026-08-05 15:00:17.177 INFO  [main] o.a.j.p.h.s.HTTPSamplerBase - Parser for text/vnd.wap.wml is org.apache.jmeter.protocol.http.parser.RegexpHTMLParser
2026-08-05 15:00:17.177 INFO  [main] o.a.j.p.h.s.HTTPSamplerBase - Parser for text/css is org.apache.jmeter.protocol.http.parser.CssParser
2026-08-05 15:00:17.184 INFO  [main] o.a.j.p.h.c.CookieManager - Settings: Delete null: true Check: true Allow variable: true Save: false Prefix: COOKIE_
2026-08-05 15:00:17.185 INFO  [main] o.a.j.p.h.c.CacheManager - Will only cache the following methods: [GET]
2026-08-05 15:00:17.261 INFO  [main] o.a.j.s.SaveService - Testplan (JMX) version: 2.2. Testlog (JTL) version: 2.2
2026-08-05 15:00:17.264 INFO  [main] o.a.j.s.SaveService - Using SaveService properties version 5.0
2026-08-05 15:00:17.265 INFO  [main] o.a.j.s.SaveService - Using SaveService properties file encoding UTF-8
2026-08-05 15:00:17.302 INFO  [main] o.a.j.u.JMeterUtils - Setting Locale to en_US
2026-08-05 15:00:17.335 INFO  [main] o.a.j.u.JMeterUtils - Setting Locale to en_US
2026-08-05 15:00:17.355 INFO  [main] o.a.j.u.JMeterUtils - Setting Locale to en_US
2026-08-05 15:00:17.375 INFO  [main] o.a.j.u.JMeterUtils - Setting Locale to en_US
2026-08-05 15:00:17.394 INFO  [main] o.a.j.u.JMeterUtils - Setting Locale to en_US
2026-08-05 15:00:17.412 INFO  [main] o.a.j.u.JMeterUtils - Setting Locale to en_US
2026-08-05 15:15:24.752 INFO  [main] o.a.j.u.JMeterUtils - Setting Locale to en_US
2026-08-05 15:15:24.805 INFO  [main] o.a.j.p.h.s.HTTPSamplerBase - Parser for text/html is org.apache.jmeter.protocol.http.parser.LagartoBasedHtmlParser
2026-08-05 15:15:24.805 INFO  [main] o.a.j.p.h.s.HTTPSamplerBase - Parser for application/xhtml+xml is org.apache.jmeter.protocol.http.parser.LagartoBasedHtmlParser
2026-08-05 15:15:24.805 INFO  [main] o.a.j.p.h.s.HTTPSamplerBase - Parser for application/xml is org.apache.jmeter.protocol.http.parser.LagartoBasedHtmlParser
2026-08-05 15:15:24.805 INFO  [main] o.a.j.p.h.s.HTTPSamplerBase - Parser for text/xml is org.apache.jmeter.protocol.http.parser.LagartoBasedHtmlParser
2026-08-05 15:15:24.805 INFO  [main] o.a.j.p.h.s.HTTPSamplerBase - Parser for text/vnd.wap.wml is org.apache.jmeter.protocol.http.parser.RegexpHTMLParser
2026-08-05 15:15:24.805 INFO  [main] o.a.j.p.h.s.HTTPSamplerBase - Parser for text/css is org.apache.jmeter.protocol.http.parser.CssParser
2026-08-05 15:15:24.813 INFO  [main] o.a.j.p.h.c.CookieManager - Settings: Delete null: true Check: true Allow variable: true Save: false Prefix: COOKIE_
2026-08-05 15:15:24.814 INFO  [main] o.a.j.p.h.c.CacheManager - Will only cache the following methods: [GET]
2026-08-05 15:15:24.897 INFO  [main] o.a.j.s.SaveService - Testplan (JMX) version: 2.2. Testlog (JTL) version: 2.2
2026-08-05 15:15:24.909 INFO  [main] o.a.j.s.SaveService - Using SaveService properties version 5.0
2026-08-05 15:15:24.910 INFO  [main] o.a.j.s.SaveService - Using SaveService properties file encoding UTF-8
2026-08-05 15:15:24.949 INFO  [main] o.a.j.u.JMeterUtils - Setting Locale to en_US
2026-08-05 15:15:24.978 INFO  [main] o.a.j.u.JMeterUtils - Setting Locale to en_US
2026-08-05 15:15:24.998 INFO  [main] o.a.j.u.JMeterUtils - Setting Locale to en_US
2026-08-05 15:15:25.024 INFO  [main] o.a.j.u.JMeterUtils - Setting Locale to en_US
2026-08-05 15:15:25.043 INFO  [main] o.a.j.u.JMeterUtils - Setting Locale to en_US
2026-08-05 15:15:25.062 INFO  [main] o.a.j.u.JMeterUtils - Setting Locale to en_US
2026-08-05 15:17:43.238 INFO  [main] o.a.j.u.JMeterUtils - Setting Locale to en_US
2026-08-05 15:17:43.291 INFO  [main] o.a.j.p.h.s.HTTPSamplerBase - Parser for text/html is org.apache.jmeter.protocol.http.parser.LagartoBasedHtmlParser
2026-08-05 15:17:43.291 INFO  [main] o.a.j.p.h.s.HTTPSamplerBase - Parser for application/xhtml+xml is org.apache.jmeter.protocol.http.parser.LagartoBasedHtmlParser
2026-08-05 15:17:43.291 INFO  [main] o.a.j.p.h.s.HTTPSamplerBase - Parser for application/xml is org.apache.jmeter.protocol.http.parser.LagartoBasedHtmlParser
2026-08-05 15:17:43.291 INFO  [main] o.a.j.p.h.s.HTTPSamplerBase - Parser for text/xml is org.apache.jmeter.protocol.http.parser.LagartoBasedHtmlParser
2026-08-05 15:17:43.291 INFO  [main] o.a.j.p.h.s.HTTPSamplerBase - Parser for text/vnd.wap.wml is org.apache.jmeter.protocol.http.parser.RegexpHTMLParser
2026-08-05 15:17:43.291 INFO  [main] o.a.j.p.h.s.HTTPSamplerBase - Parser for text/css is org.apache.jmeter.protocol.http.parser.CssParser
2026-08-05 15:17:43.300 INFO  [main] o.a.j.p.h.c.CookieManager - Settings: Delete null: true Check: true Allow variable: true Save: false Prefix: COOKIE_
2026-08-05 15:17:43.301 INFO  [main] o.a.j.p.h.c.CacheManager - Will only cache the following methods: [GET]
2026-08-05 15:17:43.382 INFO  [main] o.a.j.s.SaveService - Testplan (JMX) version: 2.2. Testlog (JTL) version: 2.2
2026-08-05 15:17:43.386 INFO  [main] o.a.j.s.SaveService - Using SaveService properties version 5.0
2026-08-05 15:17:43.388 INFO  [main] o.a.j.s.SaveService - Using SaveService properties file encoding UTF-8
2026-08-05 15:17:43.469 INFO  [main] o.a.j.u.JMeterUtils - Setting Locale to en_US
2026-08-05 15:17:43.500 INFO  [main] o.a.j.u.JMeterUtils - Setting Locale to en_US
2026-08-05 15:17:43.522 INFO  [main] o.a.j.u.JMeterUtils - Setting Locale to en_US
2026-08-05 15:17:43.544 INFO  [main] o.a.j.u.JMeterUtils - Setting Locale to en_US
2026-08-05 15:17:43.563 INFO  [main] o.a.j.u.JMeterUtils - Setting Locale to en_US
2026-08-05 15:17:43.584 INFO  [main] o.a.j.u.JMeterUtils - Setting Locale to en_US
2026-08-05 15:17:43.604 INFO  [main] o.a.j.u.JMeterUtils - Setting Locale to en_US
2026-08-05 15:30:37.154 INFO  [main] o.a.j.u.JMeterUtils - Setting Locale to en_US
2026-08-05 15:30:37.207 INFO  [main] o.a.j.p.h.s.HTTPSamplerBase - Parser for text/html is org.apache.jmeter.protocol.http.parser.LagartoBasedHtmlParser
2026-08-05 15:30:37.207 INFO  [main] o.a.j.p.h.s.HTTPSamplerBase - Parser for application/xhtml+xml is org.apache.jmeter.protocol.http.parser.LagartoBasedHtmlParser
2026-08-05 15:30:37.207 INFO  [main] o.a.j.p.h.s.HTTPSamplerBase - Parser for application/xml is org.apache.jmeter.protocol.http.parser.LagartoBasedHtmlParser
2026-08-05 15:30:37.207 INFO  [main] o.a.j.p.h.s.HTTPSamplerBase - Parser for text/xml is org.apache.jmeter.protocol.http.parser.LagartoBasedHtmlParser
2026-08-05 15:30:37.207 INFO  [main] o.a.j.p.h.s.HTTPSamplerBase - Parser for text/vnd.wap.wml is org.apache.jmeter.protocol.http.parser.RegexpHTMLParser
2026-08-05 15:30:37.207 INFO  [main] o.a.j.p.h.s.HTTPSamplerBase - Parser for text/css is org.apache.jmeter.protocol.http.parser.CssParser
2026-08-05 15:30:37.216 INFO  [main] o.a.j.p.h.c.CookieManager - Settings: Delete null: true Check: true Allow variable: true Save: false Prefix: COOKIE_
2026-08-05 15:30:37.217 INFO  [main] o.a.j.p.h.c.CacheManager - Will only cache the following methods: [GET]
2026-08-05 15:30:37.302 INFO  [main] o.a.j.s.SaveService - Testplan (JMX) version: 2.2. Testlog (JTL) version: 2.2
2026-08-05 15:30:37.306 INFO  [main] o.a.j.s.SaveService - Using SaveService properties version 5.0
2026-08-05 15:30:37.308 INFO  [main] o.a.j.s.SaveService - Using SaveService properties file encoding UTF-8
2026-08-05 15:30:37.357 INFO  [main] o.a.j.u.JMeterUtils - Setting Locale to en_US
2026-08-05 15:30:37.396 INFO  [main] o.a.j.u.JMeterUtils - Setting Locale to en_US
2026-08-05 15:30:37.418 INFO  [main] o.a.j.u.JMeterUtils - Setting Locale to en_US
2026-08-05 15:30:37.441 INFO  [main] o.a.j.u.JMeterUtils - Setting Locale to en_US
2026-08-05 15:30:37.459 INFO  [main] o.a.j.u.JMeterUtils - Setting Locale to en_US
2026-08-05 15:30:37.479 INFO  [main] o.a.j.u.JMeterUtils - Setting Locale to en_US
2026-08-05 15:30:37.501 INFO  [main] o.a.j.u.JMeterUtils - Setting Locale to en_US
2026-08-05 15:31:27.248 INFO  [main] o.a.j.u.JMeterUtils - Setting Locale to en_US
2026-08-05 15:31:27.300 INFO  [main] o.a.j.p.h.s.HTTPSamplerBase - Parser for text/html is org.apache.jmeter.protocol.http.parser.LagartoBasedHtmlParser
2026-08-05 15:31:27.300 INFO  [main] o.a.j.p.h.s.HTTPSamplerBase - Parser for application/xhtml+xml is org.apache.jmeter.protocol.http.parser.LagartoBasedHtmlParser
2026-08-05 15:31:27.300 INFO  [main] o.a.j.p.h.s.HTTPSamplerBase - Parser for application/xml is org.apache.jmeter.protocol.http.parser.LagartoBasedHtmlParser
2026-08-05 15:31:27.300 INFO  [main] o.a.j.p.h.s.HTTPSamplerBase - Parser for text/xml is org.apache.jmeter.protocol.http.parser.LagartoBasedHtmlParser
2026-08-05 15:31:27.300 INFO  [main] o.a.j.p.h.s.HTTPSamplerBase - Parser for text/vnd.wap.wml is org.apache.jmeter.protocol.http.parser.RegexpHTMLParser
2026-08-05 15:31:27.300 INFO  [main] o.a.j.p.h.s.HTTPSamplerBase - Parser for text/css is org.apache.jmeter.protocol.http.parser.CssParser
2026-08-05 15:31:27.309 INFO  [main] o.a.j.p.h.c.CookieManager - Settings: Delete null: true Check: true Allow variable: true Save: false Prefix: COOKIE_
2026-08-05 15:31:27.310 INFO  [main] o.a.j.p.h.c.CacheManager - Will only cache the following methods: [GET]
2026-08-05 15:31:27.389 INFO  [main] o.a.j.s.SaveService - Testplan (JMX) version: 2.2. Testlog (JTL) version: 2.2
2026-08-05 15:31:27.392 INFO  [main] o.a.j.s.SaveService - Using SaveService properties version 5.0
2026-08-05 15:31:27.393 INFO  [main] o.a.j.s.SaveService - Using SaveService properties file encoding UTF-8
2026-08-05 15:31:27.435 INFO  [main] o.a.j.u.JMeterUtils - Setting Locale to en_US
2026-08-05 15:31:27.464 INFO  [main] o.a.j.u.JMeterUtils - Setting Locale to en_US
2026-08-05 15:31:27.485 INFO  [main] o.a.j.u.JMeterUtils - Setting Locale to en_US
2026-08-05 15:31:27.506 INFO  [main] o.a.j.u.JMeterUtils - Setting Locale to en_US
2026-08-05 15:31:27.525 INFO  [main] o.a.j.u.JMeterUtils - Setting Locale to en_US
2026-08-05 15:31:27.544 INFO  [main] o.a.j.u.JMeterUtils - Setting Locale to en_US
2026-08-05 15:31:27.564 INFO  [main] o.a.j.u.JMeterUtils - Setting Locale to en_US
2026-08-05 15:46:32.281 INFO  [main] o.a.j.u.JMeterUtils - Setting Locale to en_US
2026-08-05 15:46:32.331 INFO  [main] o.a.j.p.h.s.HTTPSamplerBase - Parser for text/html is org.apache.jmeter.protocol.http.parser.LagartoBasedHtmlParser
2026-08-05 15:46:32.331 INFO  [main] o.a.j.p.h.s.HTTPSamplerBase - Parser for application/xhtml+xml is org.apache.jmeter.protocol.http.parser.LagartoBasedHtmlParser
2026-08-05 15:46:32.331 INFO  [main] o.a.j.p.h.s.HTTPSamplerBase - Parser for application/xml is org.apache.jmeter.protocol.http.parser.LagartoBasedHtmlParser
2026-08-05 15:46:32.331 INFO  [main] o.a.j.p.h.s.HTTPSamplerBase - Parser for text/xml is org.apache.jmeter.protocol.http.parser.LagartoBasedHtmlParser
2026-08-05 15:46:32.331 INFO  [main] o.a.j.p.h.s.HTTPSamplerBase - Parser for text/vnd.wap.wml is org.apache.jmeter.protocol.http.parser.RegexpHTMLParser
2026-08-05 15:46:32.332 INFO  [main] o.a.j.p.h.s.HTTPSamplerBase - Parser for text/css is org.apache.jmeter.protocol.http.parser.CssParser
2026-08-05 15:46:32.340 INFO  [main] o.a.j.p.h.c.CookieManager - Settings: Delete null: true Check: true Allow variable: true Save: false Prefix: COOKIE_
2026-08-05 15:46:32.341 INFO  [main] o.a.j.p.h.c.CacheManager - Will only cache the following methods: [GET]
2026-08-05 15:46:32.418 INFO  [main] o.a.j.s.SaveService - Testplan (JMX) version: 2.2. Testlog (JTL) version: 2.2
2026-08-05 15:46:32.422 INFO  [main] o.a.j.s.SaveService - Using SaveService properties version 5.0
2026-08-05 15:46:32.423 INFO  [main] o.a.j.s.SaveService - Using SaveService properties file encoding UTF-8
2026-08-05 15:46:32.469 INFO  [main] o.a.j.u.JMeterUtils - Setting Locale to en_US
2026-08-05 15:46:32.506 INFO  [main] o.a.j.u.JMeterUtils - Setting Locale to en_US
2026-08-05 15:46:32.532 INFO  [main] o.a.j.u.JMeterUtils - Setting Locale to en_US
2026-08-05 15:46:32.554 INFO  [main] o.a.j.u.JMeterUtils - Setting Locale to en_US
2026-08-05 15:46:32.573 INFO  [main] o.a.j.u.JMeterUtils - Setting Locale to en_US
2026-08-05 15:46:32.597 INFO  [main] o.a.j.u.JMeterUtils - Setting Locale to en_US
2026-08-05 15:46:32.621 INFO  [main] o.a.j.u.JMeterUtils - Setting Locale to en_US
